---
source: milky_fen/src/lib.rs
expression: result
---
FEN: r3k2r/p1ppqpb1/bn2pnp1/3PN3/1p2P3/2N2Q1p/PPPBBPPP/R3K2R w KQkq - 0 1 


  8  ♜ . . . ♚ . . ♜
  7  ♟ . ♟ ♟ ♛ ♟ ♝ .
  6  ♝ ♞ . . ♟ ♞ ♟ .
  5  . . . ♙ ♘ . . .
  4  . ♟ . . ♙ . . .
  3  . . ♘ . . ♕ . ♟
  2  ♙ ♙ ♙ ♗ ♗ ♙ ♙ ♙
  1  ♖ . . . ♔ . . ♖

     a b c d e f g h


Side: white
Castling rights: KQkq
En passant: --
Half move: 0
Full move: 1

White occupancy

  8  0 0 0 0 0 0 0 0
  7  0 0 0 0 0 0 0 0
  6  0 0 0 0 0 0 0 0
  5  0 0 0 1 1 0 0 0
  4  0 0 0 0 1 0 0 0
  3  0 0 1 0 0 1 0 0
  2  1 1 1 1 1 1 1 1
  1  1 0 0 0 1 0 0 1

     a b c d e f g h

     Bitboard: 10520166906101497856


Black occupancy

  8  1 0 0 0 1 0 0 1
  7  1 0 1 1 1 1 1 0
  6  1 1 0 0 1 1 1 0
  5  0 0 0 0 0 0 0 0
  4  0 1 0 0 0 0 0 0
  3  0 0 0 0 0 0 0 1
  2  0 0 0 0 0 0 0 0
  1  0 0 0 0 0 0 0 0

     a b c d e f g h

     Bitboard: 140746085858705


Both occupancy

  8  1 0 0 0 1 0 0 1
  7  1 0 1 1 1 1 1 0
  6  1 1 0 0 1 1 1 0
  5  0 0 0 1 1 0 0 0
  4  0 1 0 0 1 0 0 0
  3  0 0 1 0 0 1 0 1
  2  1 1 1 1 1 1 1 1
  1  1 0 0 0 1 0 0 1

     a b c d e f g h

     Bitboard: 10520307652187356561
