---
source: milky_fen/src/lib.rs
expression: result
---
FEN: rnbqkb1r/pp1p1pPp/8/2p1pP2/1P1P4/3P3P/P1P1P3/RNBQKBNR w KQkq e6 0 1


  8  ♜ ♞ ♝ ♛ ♚ ♝ . ♜
  7  ♟ ♟ . ♟ . ♟ ♙ ♟
  6  . . . . . . . .
  5  . . ♟ . ♟ ♙ . .
  4  . ♙ . ♙ . . . .
  3  . . . ♙ . . . ♙
  2  ♙ . ♙ . ♙ . . .
  1  ♖ ♘ ♗ ♕ ♔ ♗ ♘ ♖

     a b c d e f g h


Side: white
Castling rights: KQkq
En passant: e6
Half move: 0
Full move: 1

White occupancy

  8  0 0 0 0 0 0 0 0
  7  0 0 0 0 0 0 1 0
  6  0 0 0 0 0 0 0 0
  5  0 0 0 0 0 1 0 0
  4  0 1 0 1 0 0 0 0
  3  0 0 0 1 0 0 0 1
  2  1 0 1 0 1 0 0 0
  1  1 1 1 1 1 1 1 1

     a b c d e f g h

     Bitboard: 18380747031250485248


Black occupancy

  8  1 1 1 1 1 1 0 1
  7  1 1 0 1 0 1 0 1
  6  0 0 0 0 0 0 0 0
  5  0 0 1 0 1 0 0 0
  4  0 0 0 0 0 0 0 0
  3  0 0 0 0 0 0 0 0
  2  0 0 0 0 0 0 0 0
  1  0 0 0 0 0 0 0 0

     a b c d e f g h

     Bitboard: 335588287


Both occupancy

  8  1 1 1 1 1 1 0 1
  7  1 1 0 1 0 1 1 1
  6  0 0 0 0 0 0 0 0
  5  0 0 1 0 1 1 0 0
  4  0 1 0 1 0 0 0 0
  3  0 0 0 1 0 0 0 1
  2  1 0 1 0 1 0 0 0
  1  1 1 1 1 1 1 1 1

     a b c d e f g h

     Bitboard: 18380747031586073535
